Version: 0.2.0, GitCommit: e613a16f56f800e3acb239f8ff33875581b96798